<<<<<<< HEAD
22722
=======
21918
>>>>>>> 7ff40e0 (remove balance type 20240922)
