<<<<<<< HEAD
26292
=======
25488
>>>>>>> 7ff40e0 (remove balance type 20240922)
