<<<<<<< HEAD
78222
=======
77418
>>>>>>> 7ff40e0 (remove balance type 20240922)
