<<<<<<< HEAD
54292
=======
89484
>>>>>>> 24cd243 (finished add ttsnft 20240922)
