<<<<<<< HEAD
22722
=======
100826
>>>>>>> 24cd243 (finished add ttsnft 20240922)
