<<<<<<< HEAD
76192
=======
109408
>>>>>>> 24cd243 (finished add ttsnft 20240922)
