<<<<<<< HEAD
26292
=======
92308
>>>>>>> 24cd243 (finished add ttsnft 20240922)
