<<<<<<< HEAD
56322
=======
98014
>>>>>>> 24cd243 (finished add ttsnft 20240922)
