<<<<<<< HEAD
42622
=======
41818
>>>>>>> 7ff40e0 (remove balance type 20240922)
