<<<<<<< HEAD
23772
=======
145479
>>>>>>> 24cd243 (finished add ttsnft 20240922)
