<<<<<<< HEAD
27882
=======
137489
>>>>>>> 24cd243 (finished add ttsnft 20240922)
