<<<<<<< HEAD
20168
=======
113775
>>>>>>> 24cd243 (finished add ttsnft 20240922)
