<<<<<<< HEAD
27882
=======
27869
>>>>>>> 7ff40e0 (remove balance type 20240922)
