<<<<<<< HEAD
20168
=======
20155
>>>>>>> 7ff40e0 (remove balance type 20240922)
