<<<<<<< HEAD
24728
=======
24715
>>>>>>> 7ff40e0 (remove balance type 20240922)
