<<<<<<< HEAD
193672
=======
193659
>>>>>>> 7ff40e0 (remove balance type 20240922)
