<<<<<<< HEAD
20642
=======
20629
>>>>>>> 7ff40e0 (remove balance type 20240922)
