<<<<<<< HEAD
110578
=======
147885
>>>>>>> 24cd243 (finished add ttsnft 20240922)
