<<<<<<< HEAD
102228
=======
139535
>>>>>>> 24cd243 (finished add ttsnft 20240922)
