<<<<<<< HEAD
27795
=======
27821
>>>>>>> 7ff40e0 (remove balance type 20240922)
