<<<<<<< HEAD
45243
=======
45269
>>>>>>> 7ff40e0 (remove balance type 20240922)
