<<<<<<< HEAD
187503
=======
187529
>>>>>>> 7ff40e0 (remove balance type 20240922)
