<<<<<<< HEAD
103595
=======
146973
>>>>>>> 24cd243 (finished add ttsnft 20240922)
