<<<<<<< HEAD
103595
=======
103621
>>>>>>> 7ff40e0 (remove balance type 20240922)
