<<<<<<< HEAD
31455
=======
31481
>>>>>>> 7ff40e0 (remove balance type 20240922)
