<<<<<<< HEAD
156233
=======
201599
>>>>>>> 24cd243 (finished add ttsnft 20240922)
