<<<<<<< HEAD
44703
=======
181569
>>>>>>> 24cd243 (finished add ttsnft 20240922)
