<<<<<<< HEAD
31905
=======
31931
>>>>>>> 7ff40e0 (remove balance type 20240922)
