<<<<<<< HEAD
27795
=======
129873
>>>>>>> 24cd243 (finished add ttsnft 20240922)
