<<<<<<< HEAD
196033
=======
196059
>>>>>>> 7ff40e0 (remove balance type 20240922)
