<<<<<<< HEAD
41133
=======
41159
>>>>>>> 7ff40e0 (remove balance type 20240922)
