<<<<<<< HEAD
41133
=======
184499
>>>>>>> 24cd243 (finished add ttsnft 20240922)
