<<<<<<< HEAD
95155
=======
138533
>>>>>>> 24cd243 (finished add ttsnft 20240922)
