<<<<<<< HEAD
31905
=======
121883
>>>>>>> 24cd243 (finished add ttsnft 20240922)
