<<<<<<< HEAD
148243
=======
148269
>>>>>>> 7ff40e0 (remove balance type 20240922)
