<<<<<<< HEAD
85043
=======
85069
>>>>>>> 7ff40e0 (remove balance type 20240922)
