<<<<<<< HEAD
9481
=======
54921
>>>>>>> 24cd243 (finished add ttsnft 20240922)
