<<<<<<< HEAD
34181
=======
72021
>>>>>>> 24cd243 (finished add ttsnft 20240922)
