<<<<<<< HEAD
318406
=======
340161
>>>>>>> 7ff40e0 (remove balance type 20240922)
