<<<<<<< HEAD
26330
=======
138382
>>>>>>> 24cd243 (finished add ttsnft 20240922)
