<<<<<<< HEAD
305414
=======
385085
>>>>>>> 24cd243 (finished add ttsnft 20240922)
