<<<<<<< HEAD
26330
=======
25878
>>>>>>> 7ff40e0 (remove balance type 20240922)
