<<<<<<< HEAD
296644
=======
362215
>>>>>>> 24cd243 (finished add ttsnft 20240922)
