<<<<<<< HEAD
20541
=======
20355
>>>>>>> 7ff40e0 (remove balance type 20240922)
