<<<<<<< HEAD
219786
=======
224618
>>>>>>> 7ff40e0 (remove balance type 20240922)
