<<<<<<< HEAD
32300
=======
161252
>>>>>>> 24cd243 (finished add ttsnft 20240922)
