<<<<<<< HEAD
81741
=======
81555
>>>>>>> 7ff40e0 (remove balance type 20240922)
