<<<<<<< HEAD
68171
=======
101429
>>>>>>> 24cd243 (finished add ttsnft 20240922)
