<<<<<<< HEAD
6972
=======
6950
>>>>>>> 7ff40e0 (remove balance type 20240922)
